✔ [1670/1693] Built Mathlib.RingTheory.Noetherian.UniqueFactorizationDomain (1.0s)
✔ [1677/1696] Built Mathlib.Algebra.Star.BigOperators (2.5s)
✔ [1680/1700] Built Mathlib.Algebra.Star.Module (9.2s)
✔ [1682/1702] Built Mathlib.Algebra.Algebra.Subalgebra.Lattice (14s)
✔ [1684/1703] Built Mathlib.Algebra.Algebra.Subalgebra.Tower (3.3s)
✔ [1686/1709] Built Mathlib.RingTheory.Ideal.Maps (18s)
✔ [1687/1709] Built Mathlib.RingTheory.Ideal.Prod (3.7s)
✔ [1688/1711] Built Mathlib.LinearAlgebra.Basis.SMul (4.3s)
✔ [1689/1711] Built Mathlib.Algebra.AffineMonoid.Irreducible (3.5s)
✔ [1690/1711] Built Mathlib.RingTheory.PrincipalIdealDomain (5.8s)
✔ [1691/1712] Built Mathlib.Algebra.FreeAbelianGroup.UniqueSums (2.8s)
✔ [1692/1714] Built Mathlib.RingTheory.Noetherian.Basic (6.3s)
✔ [1693/1715] Built Mathlib.Algebra.Field.Equiv (1.9s)
✔ [1694/1715] Built Mathlib.Algebra.Star.StarAlgHom (19s)
✔ [1695/1715] Built Mathlib.RingTheory.Noetherian.Orzech (2.9s)
✔ [1696/1715] Built Mathlib.Algebra.Order.GroupWithZero.Submonoid (1.4s)
✔ [1697/1717] Built Mathlib.Algebra.Field.Subfield.Defs (5.3s)
✔ [1698/1717] Built Mathlib.LinearAlgebra.InvariantBasisNumber (5.3s)
✔ [1699/1718] Built Mathlib.LinearAlgebra.Matrix.ConjTranspose (6.1s)
✔ [1700/1718] Built Mathlib.RingTheory.OreLocalization.Basic (5.1s)
✔ [1701/1718] Built Mathlib.Algebra.Field.Subfield.Basic (10s)
✔ [1702/1718] Built Mathlib.LinearAlgebra.Dimension.StrongRankCondition (9.1s)
✔ [1703/1723] Built Mathlib.LinearAlgebra.Matrix.RowCol (6.7s)
✔ [1704/1723] Built Mathlib.GroupTheory.MonoidLocalization.Divisibility (3.3s)
✔ [1705/1723] Built Mathlib.GroupTheory.MonoidLocalization.MonoidWithZero (4.5s)
✔ [1706/1723] Built Mathlib.LinearAlgebra.TensorProduct.Tower (57s)
✔ [1707/1724] Built Mathlib.Data.Matrix.Block (9.2s)
✔ [1708/1724] Built Mathlib.RingTheory.OreLocalization.NonZeroDivisors (2.0s)
✔ [1709/1725] Built Mathlib.LinearAlgebra.Dimension.Free (8.0s)
✔ [1710/1725] Built Mathlib.RingTheory.Finiteness.Bilinear (2.9s)
✔ [1711/1726] Built Mathlib.LinearAlgebra.Matrix.Notation (8.6s)
✔ [1712/1733] Built Mathlib.Algebra.Algebra.RestrictScalars (3.9s)
✔ [1713/1733] Built Mathlib.LinearAlgebra.DirectSum.TensorProduct (8.9s)
✔ [1714/1733] Built Mathlib.RingTheory.OreLocalization.Ring (6.2s)
✔ [1715/1736] Built Mathlib.Algebra.Star.TensorProduct (4.2s)
✔ [1716/1736] Built Mathlib.Algebra.Algebra.Field (1.8s)
✔ [1717/1736] Built Mathlib.Algebra.Algebra.Subalgebra.Prod (2.4s)
✔ [1718/1738] Built Mathlib.Algebra.Algebra.Rat (3.9s)
✔ [1719/1738] Built Mathlib.Algebra.Algebra.IsSimpleRing (3.6s)
✔ [1720/1738] Built Mathlib.Algebra.Algebra.Hom.Rat (3.2s)
✔ [1721/1740] Built Mathlib.RingTheory.Adjoin.Basic (5.3s)
✔ [1722/1741] Built Mathlib.LinearAlgebra.DirectSum.Finsupp (11s)
✔ [1723/1743] Built Mathlib.Algebra.Ring.TransferInstance (4.4s)
✔ [1724/1743] Built Mathlib.Algebra.Star.Pointwise (3.8s)
✔ [1725/1743] Built Mathlib.RingTheory.Localization.Defs (17s)
✔ [1726/1743] Built Mathlib.LinearAlgebra.TensorProduct.Basis (7.4s)
✔ [1727/1743] Built Mathlib.Algebra.Ring.Shrink (2.4s)
✔ [1728/1743] Built Mathlib.Algebra.Algebra.TransferInstance (2.5s)
✔ [1729/1744] Built Mathlib.Tactic.NoncommRing (2.2s)
✔ [1730/1744] Built Mathlib.Algebra.Algebra.Shrink (2.4s)
✔ [1731/1744] Built Mathlib.Algebra.Module.Projective (8.5s)
✔ [1732/1745] Built Mathlib.Algebra.Star.StarProjection (2.9s)
✔ [1733/1747] Built Mathlib.RingTheory.Localization.Basic (15s)
✔ [1734/1749] Built Mathlib.Algebra.Algebra.Spectrum.Basic (13s)
✔ [1735/1751] Built Mathlib.Algebra.Star.Center (2.4s)
✔ [1736/1751] Built Mathlib.Algebra.Star.Prod (1.0s)
✔ [1737/1751] Built Mathlib.Algebra.Group.Pi.Units (1.0s)
✔ [1738/1754] Built Mathlib.RingTheory.TensorProduct.Basic (33s)
✔ [1739/1755] Built Mathlib.RingTheory.Localization.FractionRing (17s)
✔ [1740/1756] Built Mathlib.Algebra.Order.Group.Opposite (2.8s)
✔ [1741/1756] Built Mathlib.LinearAlgebra.Matrix.ToLin (33s)
✔ [1742/1756] Built Mathlib.Algebra.Order.Star.Basic (9.1s)
✔ [1743/1758] Built Mathlib.Algebra.Algebra.Subalgebra.Directed (5.7s)
✔ [1744/1761] Built Mathlib.LinearAlgebra.FreeModule.PID (12s)
✔ [1745/1762] Built Mathlib.LinearAlgebra.Dimension.Constructions (11s)
✔ [1746/1764] Built Mathlib.Algebra.AffineMonoid.Embedding (4.7s)
✔ [1747/1764] Built Mathlib.LinearAlgebra.Dimension.Finite (7.7s)
✔ [1748/1765] Built Mathlib.RingTheory.Finiteness.Lattice (2.1s)
✔ [1749/1765] Built Mathlib.Algebra.Star.NonUnitalSubalgebra (53s)
✔ [1750/1765] Built Mathlib.Algebra.AffineMonoid.UniqueSums (2.4s)
✔ [1751/1765] Built Mathlib.RingTheory.TensorProduct.Maps (51s)
✔ [1752/1765] Built Mathlib.Algebra.NoZeroSMulDivisors.Basic (1.5s)
✔ [1753/1765] Built Mathlib.LinearAlgebra.Dimension.FreeAndStrongRankCondition (6.3s)
✔ [1754/1768] Built Mathlib.Algebra.Algebra.Subalgebra.Centralizer (6.9s)
✔ [1755/1768] Built Mathlib.Algebra.FreeMonoid.UniqueProds (2.2s)
✔ [1756/1768] Built Mathlib.LinearAlgebra.LinearPMap (24s)
✔ [1757/1770] Built Mathlib.RingTheory.TensorProduct.Finite (6.7s)
✔ [1758/1770] Built Mathlib.Algebra.Algebra.Epi (5.8s)
✔ [1759/1770] Built Mathlib.LinearAlgebra.Basis.VectorSpace (7.9s)
✔ [1760/1771] Built Mathlib.Algebra.Algebra.Unitization (21s)
✔ [1761/1771] Built Mathlib.LinearAlgebra.FiniteDimensional.Defs (4.3s)
✔ [1762/1771] Built Mathlib.Algebra.Polynomial.Eval.Defs (7.3s)
✔ [1763/1771] Built Mathlib.Algebra.MonoidAlgebra.Support (3.7s)
✔ [1764/1774] Built Mathlib.Algebra.Polynomial.Eval.Algebra (2.8s)
✔ [1765/1774] Built Mathlib.Algebra.MonoidAlgebra.Basic (22s)
✔ [1766/1780] Built Mathlib.Data.Nat.Prime.Defs (5.7s)
✔ [1767/1780] Built Mathlib.Algebra.Algebra.Spectrum.Quasispectrum (14s)
✔ [1768/1780] Built Mathlib.LinearAlgebra.FiniteDimensional.Basic (12s)
✔ [1769/1780] Built Mathlib.Algebra.CharP.Defs (4.4s)
✔ [1770/1780] Built Mathlib.Data.Nat.Cast.WithTop (2.3s)
✔ [1771/1781] Built Mathlib.Algebra.FreeAlgebra (8.7s)
✔ [1772/1786] Built Mathlib.Order.Filter.Extr (5.6s)
✔ [1773/1789] Built Mathlib.Algebra.Algebra.Spectrum.Pi (3.2s)
✔ [1774/1789] Built Mathlib.Algebra.Algebra.StrictPositivity (3.3s)
✔ [1775/1790] Built Mathlib.Data.Nat.WithBot (2.0s)
✔ [1776/1797] Built Mathlib.Algebra.Regular.Pow (1.9s)
✔ [1777/1797] Built Mathlib.Algebra.Polynomial.Coeff (5.4s)
✔ [1778/1797] Built Mathlib.Algebra.Polynomial.Monomial (2.7s)
✔ [1779/1797] Built Mathlib.Algebra.Notation.Lemmas (1.2s)
✔ [1780/1800] Built Mathlib.Tactic.Polynomial.Core (1.2s)
✔ [1781/1803] Built Mathlib.Algebra.Order.Pi (2.7s)
✔ [1782/1803] Built Mathlib.Algebra.Polynomial.Eval.Coeff (3.8s)
✔ [1783/1803] Built Mathlib.Order.PiLex (4.1s)
✔ [1784/1807] Built Mathlib.Algebra.MonoidAlgebra.Degree (9.8s)
✔ [1785/1807] Built Mathlib.Data.DFinsupp.NeLocus (2.8s)
✔ [1786/1811] Built Mathlib.Algebra.Order.Group.PiLex (1.9s)
✔ [1787/1811] Built Mathlib.Data.DFinsupp.Order (6.5s)
✔ [1788/1812] Built Mathlib.Data.Finsupp.Order (6.0s)
✔ [1789/1817] Built Mathlib.Data.Finsupp.Fin (2.5s)
✔ [1790/1821] Built Mathlib.Data.Finsupp.Antidiagonal (3.1s)
✔ [1791/1821] Built Mathlib.Algebra.Polynomial.Degree.Defs (5.9s)
✔ [1792/1821] Built Mathlib.Algebra.BigOperators.Finsupp.Fin (2.8s)
✔ [1793/1821] Built Mathlib.Data.DFinsupp.Lex (5.7s)
✔ [1794/1828] Built Mathlib.Algebra.Polynomial.Degree.Monomial (2.4s)
✔ [1795/1828] Built Mathlib.Algebra.Ring.GeomSum (5.9s)
✔ [1796/1829] Built Mathlib.Algebra.Ring.Action.Submonoid (2.5s)
✔ [1797/1829] Built Mathlib.Data.Finsupp.Lex (6.4s)
✔ [1798/1829] Built Mathlib.Algebra.Polynomial.Degree.Operations (8.0s)
✔ [1799/1829] Built Mathlib.Algebra.Ring.Fin (2.4s)
✔ [1800/1829] Built Mathlib.Algebra.Algebra.Subalgebra.Matrix (2.7s)
✔ [1801/1829] Built Mathlib.Algebra.Algebra.Subalgebra.Operations (4.5s)
✔ [1802/1832] Built Mathlib.Algebra.MvPolynomial.Basic (15s)
✔ [1803/1832] Built Mathlib.Algebra.Polynomial.Degree.SmallDegree (4.2s)
✔ [1804/1832] Built Mathlib.Algebra.Polynomial.Degree.Domain (2.4s)
✔ [1805/1835] Built Mathlib.Algebra.Polynomial.Degree.Support (2.4s)
✔ [1806/1835] Built Mathlib.Algebra.Ring.Subsemiring.MulOpposite (3.8s)
✔ [1807/1836] Built Mathlib.Algebra.Polynomial.Degree.Units (3.3s)
✔ [1808/1836] Built Mathlib.Algebra.Order.Monoid.Submonoid (1.7s)
✔ [1809/1836] Built Mathlib.Algebra.Polynomial.Degree.TrailingDegree (5.4s)
✔ [1810/1836] Built Mathlib.Algebra.Ring.Subring.MulOpposite (4.7s)
✔ [1811/1836] Built Mathlib.Algebra.MvPolynomial.Eval (12s)
✔ [1812/1836] Built Mathlib.Algebra.Algebra.Subalgebra.Pi (2.4s)
✔ [1813/1839] Built Mathlib.Algebra.Polynomial.Eval.Degree (4.2s)
✔ [1814/1840] Built Mathlib.Algebra.Ring.Subsemiring.Order (1.9s)
✔ [1815/1840] Built Mathlib.Algebra.Algebra.Subalgebra.MulOpposite (3.3s)
✔ [1816/1840] Built Mathlib.Algebra.MvPolynomial.Rename (7.4s)
✔ [1817/1840] Built Mathlib.Algebra.Polynomial.Degree.Lemmas (6.8s)
✔ [1818/1841] Built Mathlib.Algebra.Algebra.Subalgebra.Order (1.0s)
✔ [1819/1841] Built Mathlib.Algebra.Ring.Subsemiring.Pointwise (3.7s)
✔ [1820/1843] Built Mathlib.RingTheory.Ideal.Quotient.Operations (31s)
✔ [1821/1843] Built Mathlib.Algebra.Polynomial.AlgebraMap (14s)
✔ [1822/1843] Built Mathlib.Algebra.Polynomial.EraseLead (7.5s)
✔ [1823/1843] Built Mathlib.Algebra.MvPolynomial.Degrees (9.2s)
✔ [1824/1843] Built Mathlib.GroupTheory.GroupAction.Ring (1.3s)
✔ [1825/1843] Built Mathlib.Algebra.Ring.Subring.Pointwise (3.3s)
✔ [1826/1843] Built Mathlib.RingTheory.Adjoin.Polynomial.Basic (3.1s)
✔ [1827/1845] Built Mathlib.Algebra.Polynomial.Reverse (4.9s)
✔ [1828/1845] Built Mathlib.Algebra.MvPolynomial.Variables (5.0s)
✔ [1829/1846] Built Mathlib.Algebra.Algebra.Subalgebra.Pointwise (4.3s)
